// Jest Snapshot v1, https://goo.gl/fbAQLP

exports[`C# highlighting applies expected classes 1`] = `"<div class="cm-line"><span class="tok-keyword">public</span> <span class="tok-keyword">class</span> C<span class="tok-punctuation">&lt;</span>T<span class="tok-punctuation">&gt;</span> <span class="tok-punctuation">{</span></div><div class="cm-line">    <span class="tok-comment">// test comment</span></div><div class="cm-line">    <span class="tok-keyword">public</span> <span class="tok-keyword">void</span> M<span class="tok-punctuation">&lt;</span>U<span class="tok-punctuation">&gt;</span><span class="tok-punctuation">(</span><span class="tok-punctuation">)</span> <span class="tok-punctuation">{</span></div><div class="cm-line">        <span class="tok-keyword">double</span> d <span class="tok-punctuation">=</span> <span class="tok-number">1.2e3</span><span class="tok-punctuation">;</span></div><div class="cm-line">        <span class="tok-keyword">string</span> s1 <span class="tok-punctuation">=</span> <span class="tok-string">"test"</span><span class="tok-punctuation">;</span></div><div class="cm-line">        <span class="tok-keyword">string</span> s2 <span class="tok-punctuation">=</span> $<span class="tok-string">"a{s1}b"</span><span class="tok-punctuation">;</span></div><div class="cm-line">        <span class="tok-keyword">char</span> c <span class="tok-punctuation">=</span> 't'<span class="tok-punctuation">;</span></div><div class="cm-line">        Action a <span class="tok-punctuation">=</span> <span class="tok-punctuation">(</span><span class="tok-punctuation">)</span> <span class="tok-punctuation">=&gt;</span> <span class="tok-punctuation">{</span><span class="tok-punctuation">}</span><span class="tok-punctuation">;</span></div><div class="cm-line">    <span class="tok-punctuation">}</span></div><div class="cm-line"><span class="tok-punctuation">}</span></div>"`;

exports[`F# highlighting applies expected classes 1`] = `"<div class="cm-line"><span class="tok-keyword">type</span> <span class="tok-variableName">C</span><span class="tok-operator">&lt;</span>'<span class="tok-variableName">a</span><span class="tok-operator">&gt;</span> <span class="tok-operator">=</span></div><div class="cm-line">    <span class="tok-comment">// test comment</span></div><div class="cm-line">    <span class="tok-keyword">member</span> <span class="tok-variableName">this</span><span class="tok-operator">.</span><span class="tok-variableName">M</span><span class="tok-operator">&lt;</span>'<span class="tok-variableName">b</span><span class="tok-operator">&gt;</span>() <span class="tok-operator">=</span></div><div class="cm-line">        <span class="tok-keyword">let</span> <span class="tok-variableName">d</span> <span class="tok-operator">=</span> <span class="tok-number">1.2e3</span></div><div class="cm-line">        <span class="tok-keyword">let</span> <span class="tok-variableName">s1</span> <span class="tok-operator">=</span> <span class="tok-string">"test"</span></div><div class="cm-line">        <span class="tok-keyword">let</span> <span class="tok-variableName">s2</span> <span class="tok-operator">=</span> $<span class="tok-string">"a{s1}b"</span></div><div class="cm-line">        <span class="tok-keyword">let</span> <span class="tok-variableName">c</span> <span class="tok-operator">=</span> '<span class="tok-variableName">t</span>'</div><div class="cm-line">        <span class="tok-keyword">let</span> <span class="tok-variableName">a</span> <span class="tok-operator">=</span> <span class="tok-keyword">fun</span> () <span class="tok-operator">-</span><span class="tok-operator">&gt;</span> ()</div><div class="cm-line">        ()</div>"`;
