// Jest Snapshot v1, https://goo.gl/fbAQLP

exports[`hover applies received infotip 1`] = `"<div class=\\"mirrorsharp-parts-section\\"><span class=\\"mirrorsharp-infotip-icon mirrorsharp-infotip-icon-delegate mirrorsharp-infotip-icon-public\\"></span><span class=\\"cmt-keyword\\">delegate</span><span class=\\"cmt-space\\"> </span><span class=\\"cmt-keyword\\">void</span><span class=\\"cmt-space\\"> </span><span class=\\"cmt-namespace\\">System</span><span class=\\"cmt-punctuation\\">.</span><span class=\\"cmt-delegate\\">EventHandler</span><span class=\\"cmt-punctuation\\">(</span><span class=\\"cmt-keyword\\">object</span><span class=\\"cmt-space\\"> </span><span class=\\"cmt-parameter\\">sender</span><span class=\\"cmt-punctuation\\">,</span><span class=\\"cmt-space\\"> </span><span class=\\"cmt-namespace\\">System</span><span class=\\"cmt-punctuation\\">.</span><span class=\\"cmt-class\\">EventArgs</span><span class=\\"cmt-space\\"> </span><span class=\\"cmt-parameter\\">e</span><span class=\\"cmt-punctuation\\">)</span></div><div class=\\"mirrorsharp-parts-section\\"><span class=\\"cmt-text\\">Represents the method that will handle an event that has no event data.</span></div>"`;
